// Vitest Snapshot v1

exports[`happy path > test 1`] = `
"Statement for BigCo
 Hamlet:$650.00(55 seats)
 As You like It:$490.00(35 seats)
 Othello:$500.00(40 seats)
Amount owed is $1,640.00
You earned 47 credits
"
`;
